        coapp_rt id 1 cnt 10
        coapp_rt id 2 cnt 10
        coapp_rt id 1 cnt 9
        coapp_rt id 2 cnt 9
        coapp_rt id 1 cnt 8
        coapp_rt id 2 cnt 8
        coapp_rt id 1 cnt 7
        coapp_rt id 2 cnt 7
        coapp_rt id 1 cnt 6
        coapp_rt id 2 cnt 6
        coapp_rt id 1 cnt 5
        coapp_rt id 2 cnt 5
        coapp_rt id 1 cnt 4
        coapp_rt id 2 cnt 4
        coapp_rt id 1 cnt 3
        coapp_rt id 2 cnt 3
        coapp_rt id 1 cnt 2
        coapp_rt id 2 cnt 2
        coapp_rt id 1 cnt 1
        coapp_rt id 2 cnt 1
        coapp_rt id 1 cnt 0
        coapp_rt id 2 cnt 0
