        coapp_rt id 2 cnt 2
        coapp_rt id 2 cnt 1
        coapp_rt id 2 cnt 0
        coapp_rt id 1 cnt 2
        coapp_rt id 3 cnt 2
        coapp_rt id 1 cnt 1
        coapp_rt id 3 cnt 1
        coapp_rt id 1 cnt 0
        coapp_rt id 3 cnt 0
