start
2
12
20
21
22
23
24
25
26
27
28
29
32
42
52
62
72
82
92
